  ftdi_i2c.c
C:\Users\User\Desktop\PRINTER_DATA\66666_reverse_engineering\other mcu examples\FT232H\libmpsse_1.0.7\libftd2xx\ftd2xx.h(2071,1): warning C4819: 檔案含有無法在目前字碼頁 (950) 中表示的字元。請以 Unicode 格式儲存檔案以防止資料遺失
  (編譯來源檔案 '../../../source/ftdi_i2c.c')
  
C:\Users\User\Desktop\PRINTER_DATA\66666_reverse_engineering\other mcu examples\FT232H\libmpsse_1.0.7\source\ftdi_common.h(1,1): warning C4819: 檔案含有無法在目前字碼頁 (950) 中表示的字元。請以 Unicode 格式儲存檔案以防止資料遺失
  (編譯來源檔案 '../../../source/ftdi_i2c.c')
  
C:\Users\User\Desktop\PRINTER_DATA\66666_reverse_engineering\other mcu examples\FT232H\libmpsse_1.0.7\include\libmpsse_i2c.h(1,1): warning C4819: 檔案含有無法在目前字碼頁 (950) 中表示的字元。請以 Unicode 格式儲存檔案以防止資料遺失
  (編譯來源檔案 '../../../source/ftdi_i2c.c')
  
  ftdi_infra.c
C:\Users\User\Desktop\PRINTER_DATA\66666_reverse_engineering\other mcu examples\FT232H\libmpsse_1.0.7\libftd2xx\ftd2xx.h(2071,1): warning C4819: 檔案含有無法在目前字碼頁 (950) 中表示的字元。請以 Unicode 格式儲存檔案以防止資料遺失
  (編譯來源檔案 '../../../source/ftdi_infra.c')
  
  ftdi_mid.c
C:\Users\User\Desktop\PRINTER_DATA\66666_reverse_engineering\other mcu examples\FT232H\libmpsse_1.0.7\libftd2xx\ftd2xx.h(2071,1): warning C4819: 檔案含有無法在目前字碼頁 (950) 中表示的字元。請以 Unicode 格式儲存檔案以防止資料遺失
  (編譯來源檔案 '../../../source/ftdi_mid.c')
  
C:\Users\User\Desktop\PRINTER_DATA\66666_reverse_engineering\other mcu examples\FT232H\libmpsse_1.0.7\source\ftdi_common.h(1,1): warning C4819: 檔案含有無法在目前字碼頁 (950) 中表示的字元。請以 Unicode 格式儲存檔案以防止資料遺失
  (編譯來源檔案 '../../../source/ftdi_mid.c')
  
  ftdi_spi.c
C:\Users\User\Desktop\PRINTER_DATA\66666_reverse_engineering\other mcu examples\FT232H\libmpsse_1.0.7\source\ftdi_spi.c(1,1): warning C4819: 檔案含有無法在目前字碼頁 (950) 中表示的字元。請以 Unicode 格式儲存檔案以防止資料遺失
C:\Users\User\Desktop\PRINTER_DATA\66666_reverse_engineering\other mcu examples\FT232H\libmpsse_1.0.7\libftd2xx\ftd2xx.h(2071,1): warning C4819: 檔案含有無法在目前字碼頁 (950) 中表示的字元。請以 Unicode 格式儲存檔案以防止資料遺失
  (編譯來源檔案 '../../../source/ftdi_spi.c')
  
C:\Users\User\Desktop\PRINTER_DATA\66666_reverse_engineering\other mcu examples\FT232H\libmpsse_1.0.7\source\ftdi_common.h(1,1): warning C4819: 檔案含有無法在目前字碼頁 (950) 中表示的字元。請以 Unicode 格式儲存檔案以防止資料遺失
  (編譯來源檔案 '../../../source/ftdi_spi.c')
  
  正在產生程式碼...
     正在建立程式庫 x64\Debug\libmpsse.lib 和物件 x64\Debug\libmpsse.exp
  libmpsse.dll.vcxproj -> C:\Users\User\Desktop\PRINTER_DATA\66666_reverse_engineering\other mcu examples\FT232H\libmpsse_1.0.7\Project\VisualStudio\libmpsse.dll\x64\Debug\libmpsse.dll
